// Jest Snapshot v1, https://goo.gl/fbAQLP

exports[`renders correctly 1`] = `
<Modal
  animationType="slide"
  hardwareAccelerated={false}
  presentationStyle="overFullScreen"
  transparent={true}
  visible={true}
>
  <View
    style={
      Object {
        "backgroundColor": "rgba(45, 40, 62,0.9)",
        "borderRadius": 5,
        "elevation": 5,
        "height": "60%",
        "justifyContent": "space-between",
        "margin": 20,
        "marginBottom": "auto",
        "marginTop": "auto",
        "padding": 35,
        "shadowColor": "#000",
        "shadowOffset": Object {
          "height": 2,
          "width": 0,
        },
        "shadowOpacity": 0.25,
        "shadowRadius": 4,
      }
    }
  >
    <View
      style={
        Object {
          "alignItems": "center",
          "display": "flex",
          "justifyContent": "center",
        }
      }
    >
      <Text
        style={
          Array [
            Object {
              "color": "#000",
            },
            Array [
              Object {
                "color": "white",
                "fontSize": 22,
                "fontWeight": "500",
                "textAlign": "left",
                "width": "100%",
              },
              Object {
                "fontFamily": "Menlo",
              },
            ],
          ]
        }
      >
        New Shift
      </Text>
      <View
        style={
          Object {
            "marginTop": 20,
            "width": "100%",
          }
        }
      >
        <Text
          style={
            Array [
              Object {
                "color": "#000",
              },
              Array [
                Object {
                  "color": "white",
                  "fontSize": 18,
                  "fontWeight": "700",
                },
                Object {
                  "fontFamily": "Menlo",
                },
              ],
            ]
          }
        >
          From
        </Text>
      </View>
      <View
        style={
          Object {
            "marginTop": 20,
            "width": "100%",
          }
        }
      >
        <Text
          style={
            Array [
              Object {
                "color": "#000",
              },
              Array [
                Object {
                  "color": "white",
                  "fontSize": 18,
                  "fontWeight": "700",
                },
                Object {
                  "fontFamily": "Menlo",
                },
              ],
            ]
          }
        >
          To
        </Text>
      </View>
    </View>
    <View>
      <View
        accessible={true}
        focusable={true}
        onClick={[Function]}
        onResponderGrant={[Function]}
        onResponderMove={[Function]}
        onResponderRelease={[Function]}
        onResponderTerminate={[Function]}
        onResponderTerminationRequest={[Function]}
        onStartShouldSetResponder={[Function]}
        style={
          Object {
            "alignItems": "center",
            "backgroundColor": "#362247",
            "borderRadius": 3,
            "elevation": 5,
            "height": 60,
            "justifyContent": "center",
            "marginTop": 10,
            "opacity": 1,
            "padding": 5,
            "shadowColor": "#000",
            "shadowOffset": Object {
              "height": 2,
              "width": 0,
            },
            "shadowOpacity": 0.25,
            "shadowRadius": 4,
            "width": "100%",
          }
        }
      >
        <Text
          style={
            Array [
              Object {
                "color": "#000",
              },
              Array [
                Object {
                  "color": "white",
                  "fontSize": 20,
                  "fontWeight": "700",
                },
                Object {
                  "fontFamily": "Menlo",
                },
              ],
            ]
          }
        >
          Add Shift
        </Text>
      </View>
      <View
        accessible={true}
        focusable={false}
        onClick={[Function]}
        onResponderGrant={[Function]}
        onResponderMove={[Function]}
        onResponderRelease={[Function]}
        onResponderTerminate={[Function]}
        onResponderTerminationRequest={[Function]}
        onStartShouldSetResponder={[Function]}
        style={
          Object {
            "alignItems": "center",
            "backgroundColor": "#a4545f",
            "borderRadius": 3,
            "elevation": 5,
            "height": 60,
            "justifyContent": "center",
            "marginTop": 10,
            "opacity": 1,
            "padding": 5,
            "shadowColor": "#000",
            "shadowOffset": Object {
              "height": 2,
              "width": 0,
            },
            "shadowOpacity": 0.25,
            "shadowRadius": 4,
            "width": "100%",
          }
        }
      >
        <Text
          style={
            Array [
              Object {
                "color": "#000",
              },
              Array [
                Object {
                  "color": "white",
                  "fontSize": 20,
                  "fontWeight": "700",
                },
                Object {
                  "fontFamily": "Menlo",
                },
              ],
            ]
          }
        >
          Cancel
        </Text>
      </View>
    </View>
  </View>
</Modal>
`;
